2026-07-16 11:26:05,099 - INFO [uvm_test_top.env.AgentDefault.monitor]: {'request': {'alu_op': '0x8', 'a': '0x81', 'b': '0x72'}, 'response': {'zero': '0x1', 'result': '0x0'}}
2026-07-16 11:26:05,100 - INFO [uvm_test_top.env.AgentDefault.monitor]: {'request': {'alu_op': '0x1', 'a': '0xa6', 'b': '0x45'}, 'response': {'zero': '0x0', 'result': '0x61'}}
2026-07-16 11:26:05,100 - INFO [uvm_test_top.env.AgentDefault.monitor]: {'request': {'alu_op': '0x2', 'a': '0x39', 'b': '0x3d'}, 'response': {'zero': '0x0', 'result': '0x39'}}
2026-07-16 11:26:05,101 - INFO [uvm_test_top.env.AgentDefault.monitor]: {'request': {'alu_op': '0x2', 'a': '0xa8', 'b': '0x10'}, 'response': {'zero': '0x1', 'result': '0x0'}}
2026-07-16 11:26:05,101 - INFO [uvm_test_top.env.AgentDefault.monitor]: {'request': {'alu_op': '0x3', 'a': '0x3b', 'b': '0x6c'}, 'response': {'zero': '0x0', 'result': '0x7f'}}
2026-07-16 11:26:05,101 - INFO [uvm_test_top.env.AgentDefault.monitor]: {'request': {'alu_op': '0x5', 'a': '0x6', 'b': '0x18'}, 'response': {'zero': '0x0', 'result': '0x6000000'}}
2026-07-16 11:26:05,101 - INFO [uvm_test_top.env.AgentDefault.monitor]: {'request': {'alu_op': '0x1', 'a': '0xb4', 'b': '0xb1'}, 'response': {'zero': '0x0', 'result': '0x3'}}
2026-07-16 11:26:05,102 - INFO [uvm_test_top.env.AgentDefault.monitor]: {'request': {'alu_op': '0x2', 'a': '0xac', 'b': '0xb9'}, 'response': {'zero': '0x0', 'result': '0xa8'}}
2026-07-16 11:26:05,102 - INFO [uvm_test_top.env.AgentDefault.monitor]: {'request': {'alu_op': '0x2', 'a': '0x7', 'b': '0x82'}, 'response': {'zero': '0x0', 'result': '0x2'}}
2026-07-16 11:26:05,102 - INFO [uvm_test_top.env.AgentDefault.monitor]: {'request': {'alu_op': '0x1', 'a': '0x93', 'b': '0x72'}, 'response': {'zero': '0x0', 'result': '0x21'}}
2026-07-16 11:26:05,102 - INFO [uvm_test_top.env.AgentDefault.monitor]: {'request': {'alu_op': '0x4', 'a': '0xbf', 'b': '0x63'}, 'response': {'zero': '0x0', 'result': '0xdc'}}
2026-07-16 11:26:05,103 - INFO [uvm_test_top.env.AgentDefault.monitor]: {'request': {'alu_op': '0x1', 'a': '0xba', 'b': '0x67'}, 'response': {'zero': '0x0', 'result': '0x53'}}
2026-07-16 11:26:05,103 - INFO [uvm_test_top.env.AgentDefault.monitor]: {'request': {'alu_op': '0x4', 'a': '0x44', 'b': '0x99'}, 'response': {'zero': '0x0', 'result': '0xdd'}}
2026-07-16 11:26:05,103 - INFO [uvm_test_top.env.AgentDefault.monitor]: {'request': {'alu_op': '0x1', 'a': '0x8', 'b': '0x1c'}, 'response': {'zero': '0x0', 'result': '0xffffffec'}}
2026-07-16 11:26:05,103 - INFO [uvm_test_top.env.AgentDefault.monitor]: {'request': {'alu_op': '0x0', 'a': '0x72', 'b': '0x10'}, 'response': {'zero': '0x0', 'result': '0x82'}}
2026-07-16 11:26:05,104 - INFO [uvm_test_top.env.AgentDefault.monitor]: {'request': {'alu_op': '0x3', 'a': '0x2e', 'b': '0xb5'}, 'response': {'zero': '0x0', 'result': '0xbf'}}
2026-07-16 11:26:05,104 - INFO [uvm_test_top.env.AgentDefault.monitor]: {'request': {'alu_op': '0x5', 'a': '0x6f', 'b': '0x7f'}, 'response': {'zero': '0x0', 'result': '0x80000000'}}
2026-07-16 11:26:05,104 - INFO [uvm_test_top.env.AgentDefault.monitor]: {'request': {'alu_op': '0x1', 'a': '0x99', 'b': '0x9'}, 'response': {'zero': '0x0', 'result': '0x90'}}
2026-07-16 11:26:05,105 - INFO [uvm_test_top.env.AgentDefault.monitor]: {'request': {'alu_op': '0x1', 'a': '0xc6', 'b': '0x89'}, 'response': {'zero': '0x0', 'result': '0x3d'}}
2026-07-16 11:26:05,105 - INFO [uvm_test_top.env.AgentDefault.monitor]: {'request': {'alu_op': '0x4', 'a': '0x4', 'b': '0xb5'}, 'response': {'zero': '0x0', 'result': '0xb1'}}
2026-07-16 11:26:05,105 - INFO [uvm_test_top.env.AgentDefault.monitor]: {'request': {'alu_op': '0x3', 'a': '0x97', 'b': '0xb5'}, 'response': {'zero': '0x0', 'result': '0xb7'}}
2026-07-16 11:26:05,105 - INFO [uvm_test_top.env.AgentDefault.monitor]: {'request': {'alu_op': '0x5', 'a': '0x21', 'b': '0x3d'}, 'response': {'zero': '0x0', 'result': '0x20000000'}}
2026-07-16 11:26:05,106 - INFO [uvm_test_top.env.AgentDefault.monitor]: {'request': {'alu_op': '0x3', 'a': '0x78', 'b': '0x46'}, 'response': {'zero': '0x0', 'result': '0x7e'}}
2026-07-16 11:26:05,106 - INFO [uvm_test_top.env.AgentDefault.monitor]: {'request': {'alu_op': '0x5', 'a': '0x5d', 'b': '0x7a'}, 'response': {'zero': '0x0', 'result': '0x74000000'}}
2026-07-16 11:26:05,106 - INFO [uvm_test_top.env.AgentDefault.monitor]: {'request': {'alu_op': '0x3', 'a': '0x63', 'b': '0x50'}, 'response': {'zero': '0x0', 'result': '0x73'}}
2026-07-16 11:26:05,107 - INFO [uvm_test_top.env.AgentDefault.monitor]: {'request': {'alu_op': '0x1', 'a': '0x7f', 'b': '0x1'}, 'response': {'zero': '0x0', 'result': '0x7e'}}
2026-07-16 11:26:05,107 - INFO [uvm_test_top.env.AgentDefault.monitor]: {'request': {'alu_op': '0x0', 'a': '0x76', 'b': '0x9d'}, 'response': {'zero': '0x0', 'result': '0x113'}}
2026-07-16 11:26:05,107 - INFO [uvm_test_top.env.AgentDefault.monitor]: {'request': {'alu_op': '0x1', 'a': '0x70', 'b': '0x71'}, 'response': {'zero': '0x0', 'result': '0xffffffff'}}
2026-07-16 11:26:05,107 - INFO [uvm_test_top.env.AgentDefault.monitor]: {'request': {'alu_op': '0x1', 'a': '0x8c', 'b': '0x27'}, 'response': {'zero': '0x0', 'result': '0x65'}}
2026-07-16 11:26:05,108 - INFO [uvm_test_top.env.AgentDefault.monitor]: {'request': {'alu_op': '0x2', 'a': '0x92', 'b': '0xa6'}, 'response': {'zero': '0x0', 'result': '0x82'}}
2026-07-16 11:26:05,108 - INFO [uvm_test_top.env.AgentDefault.monitor]: {'request': {'alu_op': '0x5', 'a': '0x76', 'b': '0x9b'}, 'response': {'zero': '0x0', 'result': '0xb0000000'}}
2026-07-16 11:26:05,108 - INFO [uvm_test_top.env.AgentDefault.monitor]: {'request': {'alu_op': '0x0', 'a': '0x6b', 'b': '0x3a'}, 'response': {'zero': '0x0', 'result': '0xa5'}}
2026-07-16 11:26:05,108 - INFO [uvm_test_top.env.AgentDefault.monitor]: {'request': {'alu_op': '0x7', 'a': '0x49', 'b': '0x73'}, 'response': {'zero': '0x1', 'result': '0x0'}}
2026-07-16 11:26:05,109 - INFO [uvm_test_top.env.AgentDefault.monitor]: {'request': {'alu_op': '0x2', 'a': '0x86', 'b': '0x72'}, 'response': {'zero': '0x0', 'result': '0x2'}}
2026-07-16 11:26:05,109 - INFO [uvm_test_top.env.AgentDefault.monitor]: {'request': {'alu_op': '0x6', 'a': '0xbc', 'b': '0x11'}, 'response': {'zero': '0x1', 'result': '0x0'}}
2026-07-16 11:26:05,109 - INFO [uvm_test_top.env.AgentDefault.monitor]: {'request': {'alu_op': '0x4', 'a': '0x1f', 'b': '0x47'}, 'response': {'zero': '0x0', 'result': '0x58'}}
2026-07-16 11:26:05,109 - INFO [uvm_test_top.env.AgentDefault.monitor]: {'request': {'alu_op': '0x0', 'a': '0x3a', 'b': '0xc5'}, 'response': {'zero': '0x0', 'result': '0xff'}}
2026-07-16 11:26:05,110 - INFO [uvm_test_top.env.AgentDefault.monitor]: {'request': {'alu_op': '0x3', 'a': '0x1e', 'b': '0x98'}, 'response': {'zero': '0x0', 'result': '0x9e'}}
2026-07-16 11:26:05,110 - INFO [uvm_test_top.env.AgentDefault.monitor]: {'request': {'alu_op': '0x3', 'a': '0x53', 'b': '0x34'}, 'response': {'zero': '0x0', 'result': '0x77'}}
2026-07-16 11:26:05,110 - INFO [uvm_test_top.env.AgentDefault.monitor]: {'request': {'alu_op': '0x8', 'a': '0xa3', 'b': '0xba'}, 'response': {'zero': '0x0', 'result': '0x1'}}
2026-07-16 11:26:05,110 - INFO [uvm_test_top.env.AgentDefault.monitor]: {'request': {'alu_op': '0x5', 'a': '0x3b', 'b': '0x3a'}, 'response': {'zero': '0x0', 'result': '0xec000000'}}
2026-07-16 11:26:05,111 - INFO [uvm_test_top.env.AgentDefault.monitor]: {'request': {'alu_op': '0x0', 'a': '0x78', 'b': '0x6f'}, 'response': {'zero': '0x0', 'result': '0xe7'}}
2026-07-16 11:26:05,111 - INFO [uvm_test_top.env.AgentDefault.monitor]: {'request': {'alu_op': '0x8', 'a': '0x24', 'b': '0xc2'}, 'response': {'zero': '0x0', 'result': '0x1'}}
2026-07-16 11:26:05,111 - INFO [uvm_test_top.env.AgentDefault.monitor]: {'request': {'alu_op': '0x8', 'a': '0x78', 'b': '0x38'}, 'response': {'zero': '0x1', 'result': '0x0'}}
2026-07-16 11:26:05,111 - INFO [uvm_test_top.env.AgentDefault.monitor]: {'request': {'alu_op': '0x2', 'a': '0x90', 'b': '0x1f'}, 'response': {'zero': '0x0', 'result': '0x10'}}
2026-07-16 11:26:05,112 - INFO [uvm_test_top.env.AgentDefault.monitor]: {'request': {'alu_op': '0x6', 'a': '0x19', 'b': '0x2f'}, 'response': {'zero': '0x1', 'result': '0x0'}}
2026-07-16 11:26:05,112 - INFO [uvm_test_top.env.AgentDefault.monitor]: {'request': {'alu_op': '0x8', 'a': '0xbc', 'b': '0x9f'}, 'response': {'zero': '0x1', 'result': '0x0'}}
2026-07-16 11:26:05,112 - INFO [uvm_test_top.env.AgentDefault.monitor]: {'request': {'alu_op': '0x6', 'a': '0x9', 'b': '0x29'}, 'response': {'zero': '0x1', 'result': '0x0'}}
2026-07-16 11:26:05,112 - INFO [uvm_test_top.env.AgentDefault.monitor]: {'request': {'alu_op': '0x7', 'a': '0x6d', 'b': '0x2b'}, 'response': {'zero': '0x1', 'result': '0x0'}}
2026-07-16 11:26:05,113 - INFO [uvm_test_top.env.AgentDefault.monitor]: {'request': {'alu_op': '0x8', 'a': '0x7', 'b': '0x78'}, 'response': {'zero': '0x0', 'result': '0x1'}}
2026-07-16 11:26:05,117 - INFO [uvm_test_top.env.AgentDefault.coverage]: Processed 50 transactions
